Archive member included to satisfy reference by file (symbol)

c:/tools/gcc-arm/bin/../lib/gcc/arm-none-eabi/10.3.1/../../../../arm-none-eabi/lib\libm.a(lib_a-w_pow.o)
                              out/main.o (pow)
c:/tools/gcc-arm/bin/../lib/gcc/arm-none-eabi/10.3.1/../../../../arm-none-eabi/lib\libm.a(lib_a-e_pow.o)
                              c:/tools/gcc-arm/bin/../lib/gcc/arm-none-eabi/10.3.1/../../../../arm-none-eabi/lib\libm.a(lib_a-w_pow.o) (__ieee754_pow)
c:/tools/gcc-arm/bin/../lib/gcc/arm-none-eabi/10.3.1/../../../../arm-none-eabi/lib\libm.a(lib_a-e_sqrt.o)
                              c:/tools/gcc-arm/bin/../lib/gcc/arm-none-eabi/10.3.1/../../../../arm-none-eabi/lib\libm.a(lib_a-e_pow.o) (__ieee754_sqrt)
c:/tools/gcc-arm/bin/../lib/gcc/arm-none-eabi/10.3.1/../../../../arm-none-eabi/lib\libm.a(lib_a-math_err.o)
                              c:/tools/gcc-arm/bin/../lib/gcc/arm-none-eabi/10.3.1/../../../../arm-none-eabi/lib\libm.a(lib_a-e_pow.o) (__math_uflow)
c:/tools/gcc-arm/bin/../lib/gcc/arm-none-eabi/10.3.1/../../../../arm-none-eabi/lib\libm.a(lib_a-s_fabs.o)
                              c:/tools/gcc-arm/bin/../lib/gcc/arm-none-eabi/10.3.1/../../../../arm-none-eabi/lib\libm.a(lib_a-e_pow.o) (fabs)
c:/tools/gcc-arm/bin/../lib/gcc/arm-none-eabi/10.3.1/../../../../arm-none-eabi/lib\libm.a(lib_a-s_finite.o)
                              c:/tools/gcc-arm/bin/../lib/gcc/arm-none-eabi/10.3.1/../../../../arm-none-eabi/lib\libm.a(lib_a-w_pow.o) (finite)
c:/tools/gcc-arm/bin/../lib/gcc/arm-none-eabi/10.3.1/../../../../arm-none-eabi/lib\libm.a(lib_a-s_scalbn.o)
                              c:/tools/gcc-arm/bin/../lib/gcc/arm-none-eabi/10.3.1/../../../../arm-none-eabi/lib\libm.a(lib_a-e_pow.o) (scalbn)
c:/tools/gcc-arm/bin/../lib/gcc/arm-none-eabi/10.3.1\libgcc.a(_arm_muldf3.o)
                              out/main.o (__aeabi_dmul)
c:/tools/gcc-arm/bin/../lib/gcc/arm-none-eabi/10.3.1\libgcc.a(_udivsi3.o)
                              out/main.o (__aeabi_uidiv)
c:/tools/gcc-arm/bin/../lib/gcc/arm-none-eabi/10.3.1\libgcc.a(_divsi3.o)
                              out/main.o (__aeabi_idiv)
c:/tools/gcc-arm/bin/../lib/gcc/arm-none-eabi/10.3.1\libgcc.a(_dvmd_tls.o)
                              c:/tools/gcc-arm/bin/../lib/gcc/arm-none-eabi/10.3.1\libgcc.a(_udivsi3.o) (__aeabi_idiv0)
c:/tools/gcc-arm/bin/../lib/gcc/arm-none-eabi/10.3.1\libgcc.a(_arm_addsubdf3.o)
                              c:/tools/gcc-arm/bin/../lib/gcc/arm-none-eabi/10.3.1/../../../../arm-none-eabi/lib\libm.a(lib_a-e_pow.o) (__aeabi_dsub)
c:/tools/gcc-arm/bin/../lib/gcc/arm-none-eabi/10.3.1\libgcc.a(_arm_muldivdf3.o)
                              c:/tools/gcc-arm/bin/../lib/gcc/arm-none-eabi/10.3.1/../../../../arm-none-eabi/lib\libm.a(lib_a-e_pow.o) (__aeabi_ddiv)
c:/tools/gcc-arm/bin/../lib/gcc/arm-none-eabi/10.3.1\libgcc.a(_arm_cmpdf2.o)
                              c:/tools/gcc-arm/bin/../lib/gcc/arm-none-eabi/10.3.1/../../../../arm-none-eabi/lib\libm.a(lib_a-w_pow.o) (__aeabi_dcmpeq)
c:/tools/gcc-arm/bin/../lib/gcc/arm-none-eabi/10.3.1\libgcc.a(_arm_unorddf2.o)
                              c:/tools/gcc-arm/bin/../lib/gcc/arm-none-eabi/10.3.1/../../../../arm-none-eabi/lib\libm.a(lib_a-w_pow.o) (__aeabi_dcmpun)
c:/tools/gcc-arm/bin/../lib/gcc/arm-none-eabi/10.3.1\libgcc.a(_arm_truncdfsf2.o)
                              out/main.o (__aeabi_d2f)
c:/tools/gcc-arm/bin/../lib/gcc/arm-none-eabi/10.3.1\libgcc.a(_arm_addsubsf3.o)
                              out/main.o (__aeabi_i2f)
c:/tools/gcc-arm/bin/../lib/gcc/arm-none-eabi/10.3.1\libgcc.a(_arm_muldivsf3.o)
                              out/main.o (__aeabi_fdiv)
c:/tools/gcc-arm/bin/../lib/gcc/arm-none-eabi/10.3.1\libgcc.a(_aeabi_uldivmod.o)
                              out/ff.o (__aeabi_uldivmod)
c:/tools/gcc-arm/bin/../lib/gcc/arm-none-eabi/10.3.1\libgcc.a(_udivmoddi4.o)
                              c:/tools/gcc-arm/bin/../lib/gcc/arm-none-eabi/10.3.1\libgcc.a(_aeabi_uldivmod.o) (__udivmoddi4)
c:/tools/gcc-arm/bin/../lib/gcc/arm-none-eabi/10.3.1\libgcc.a(emutls.o)
                              out/main.o (__emutls_get_address)
c:/tools/gcc-arm/bin/../lib/gcc/arm-none-eabi/10.3.1\libgcc.a(_clzdi2.o)
                              c:/tools/gcc-arm/bin/../lib/gcc/arm-none-eabi/10.3.1\libgcc.a(_udivmoddi4.o) (__clzdi2)
c:/tools/gcc-arm/bin/../lib/gcc/arm-none-eabi/10.3.1\libgcc.a(_clzsi2.o)
                              c:/tools/gcc-arm/bin/../lib/gcc/arm-none-eabi/10.3.1\libgcc.a(_clzdi2.o) (__clzsi2)
c:/tools/gcc-arm/bin/../lib/gcc/arm-none-eabi/10.3.1/../../../../arm-none-eabi/lib\libc_nano.a(lib_a-abort.o)
                              c:/tools/gcc-arm/bin/../lib/gcc/arm-none-eabi/10.3.1\libgcc.a(emutls.o) (abort)
c:/tools/gcc-arm/bin/../lib/gcc/arm-none-eabi/10.3.1/../../../../arm-none-eabi/lib\libc_nano.a(lib_a-assert.o)
                              out/main.o (__assert_func)
[...]
Memory Configuration

Name             Origin             Length             Attributes
ram              0x80000000         0x02000000
*default*        0x00000000         0xffffffff

Linker script and memory map

LOAD c:/tools/gcc-arm/bin/../lib/gcc/arm-none-eabi/10.3.1/crti.o
LOAD c:/tools/gcc-arm/bin/../lib/gcc/arm-none-eabi/10.3.1/crtbegin.o
LOAD c:/tools/gcc-arm/bin/../lib/gcc/arm-none-eabi/10.3.1/../../../../arm-none-eabi/lib/rdimon-crt0.o
LOAD out/main.o
LOAD out/sd.o
LOAD out/sys.o
LOAD out/boot.o
LOAD out/spi.o
LOAD out/dram.o
LOAD out/display.o
LOAD out/mmu.o
LOAD out/diskio.o
LOAD out/ffunicode.o
LOAD out/ff.o
LOAD out/ffsystem.o
LOAD c:/tools/gcc-arm/bin/../lib/gcc/arm-none-eabi/10.3.1/../../../../arm-none-eabi/lib\libm.a
START GROUP
LOAD c:/tools/gcc-arm/bin/../lib/gcc/arm-none-eabi/10.3.1\libgcc.a
LOAD c:/tools/gcc-arm/bin/../lib/gcc/arm-none-eabi/10.3.1/../../../../arm-none-eabi/lib\libc_nano.a
END GROUP
START GROUP
LOAD c:/tools/gcc-arm/bin/../lib/gcc/arm-none-eabi/10.3.1\libgcc.a
LOAD c:/tools/gcc-arm/bin/../lib/gcc/arm-none-eabi/10.3.1/../../../../arm-none-eabi/lib\libc_nano.a
LOAD c:/tools/gcc-arm/bin/../lib/gcc/arm-none-eabi/10.3.1/../../../../arm-none-eabi/lib\librdimon_nano.a
END GROUP
START GROUP
LOAD c:/tools/gcc-arm/bin/../lib/gcc/arm-none-eabi/10.3.1\libgcc.a
LOAD c:/tools/gcc-arm/bin/../lib/gcc/arm-none-eabi/10.3.1/../../../../arm-none-eabi/lib\libc_nano.a
LOAD c:/tools/gcc-arm/bin/../lib/gcc/arm-none-eabi/10.3.1/../../../../arm-none-eabi/lib\librdimon_nano.a
END GROUP
LOAD c:/tools/gcc-arm/bin/../lib/gcc/arm-none-eabi/10.3.1/crtend.o
LOAD c:/tools/gcc-arm/bin/../lib/gcc/arm-none-eabi/10.3.1/crtn.o
                0x81ff0000                stack_und = ((ORIGIN (ram) + LENGTH (ram)) - 0x10000)
                0x81fe0000                stack_abt = (stack_und - 0x10000)
                0x81fd0000                stack_irq = (stack_abt - 0x10000)
                0x81fc0000                stack_fiq = (stack_irq - 0x10000)
                0x81fb0000                stack_usr = (stack_fiq - 0x10000)
                0x81f70000                stack_srv = (stack_usr - 0x40000)

.text           0x80000000      0xe24
 *(.vectors)
 .vectors       0x80000000       0xf8 out/sys.o
                0x80000000                _vectors
                0x800000f8                . = ALIGN (0x4)
 *(.init)
 .init          0x800000f8        0xc c:/tools/gcc-arm/bin/../lib/gcc/arm-none-eabi/10.3.1/crti.o
                0x800000f8                _init
                0x80000104                . = ALIGN (0x4)
 *(.text)
 .text          0x80000104      0x114 c:/tools/gcc-arm/bin/../lib/gcc/arm-none-eabi/10.3.1\libgcc.a(_udivsi3.o)
                0x80000104                __aeabi_uidiv
                0x80000104                __udivsi3
                0x800001f8                __aeabi_uidivmod
 .text          0x80000218      0x148 c:/tools/gcc-arm/bin/../lib/gcc/arm-none-eabi/10.3.1\libgcc.a(_divsi3.o)
                0x80000218                __divsi3
                0x80000218                __aeabi_idiv
                0x80000340                __aeabi_idivmod
 .text          0x80000360        0x4 c:/tools/gcc-arm/bin/../lib/gcc/arm-none-eabi/10.3.1\libgcc.a(_dvmd_tls.o)
                0x80000360                __aeabi_idiv0
                0x80000360                __aeabi_ldiv0
 .text          0x80000364      0x11c c:/tools/gcc-arm/bin/../lib/gcc/arm-none-eabi/10.3.1\libgcc.a(emutls.o)
                0x80000408                __emutls_get_address
                0x80000448                __emutls_register_common
 .text          0x80000480        0xe c:/tools/gcc-arm/bin/../lib/gcc/arm-none-eabi/10.3.1/../../../../arm-none-eabi/lib\libc_nano.a(lib_a-strlen.o)
                0x80000480                strlen
                0x80000490                . = ALIGN (0x4)
 *fill*         0x8000048e        0x2 
 *(.rodata)
                0x80000490                . = ALIGN (0x4)
 *(.rodata*)
 .rodata.stbi__build_huffman.str1.4
                0x80000490       0x11 out/main.o
 *fill*         0x800004a1        0x3 
 .rodata.stbi__jpeg_huff_decode.str1.4
                0x800004a4       0x60 out/main.o
 .rodata.stbi__jpeg_decode_block_prog_dc.str1.4
                0x80000504       0x16 out/main.o
 *fill*         0x8000051a        0x2 
 .rodata.stbi__jpeg_decode_block.str1.4
                0x8000051c       0x11 out/main.o
 *fill*         0x8000052d        0x3 
 .rodata.stbi__process_marker.str1.4
                0x80000530       0x73 out/main.o
 *fill*         0x800005a3        0x1 
 .rodata.stbi__decode_jpeg_header.part.0.str1.4
                0x800005a4       0x7d out/main.o
 *fill*         0x80000621        0x3 
 .rodata.stbi__jpeg_info.str1.4
                0x80000624        0x7 out/main.o
 *fill*         0x8000062b        0x1 
 .rodata.stbi__load_main.constprop.0.str1.4
                0x8000062c       0x83 out/main.o
 *fill*         0x800006af        0x1 
 .rodata.stbi__load_and_postprocess_16bit.str1.4
                0x800006b0       0x36 out/main.o
 *fill*         0x800006e6        0x2 
 .rodata.jpg_decode.str1.4
                0x800006e8       0x13 out/main.o
 *fill*         0x800006fb        0x1 
 .rodata.slideshow.str1.4
                0x800006fc       0x1e out/main.o
 *fill*         0x8000071a        0x2 
 .rodata.main.str1.4
                0x8000071c       0x9d out/main.o
 *fill*         0x800007b9        0x3 
 .rodata.__func__.1
                0x800007bc       0x17 out/main.o
 *fill*         0x800007d3        0x1 
 .rodata.__func__.5
                0x800007d4       0x20 out/main.o
 .rodata.rgb.2  0x800007f4        0x3 out/main.o
 *fill*         0x800007f7        0x1 
 .rodata.stbi__bmask
                0x800007f8       0x44 out/main.o
 .rodata.stbi__jbias
                0x8000083c       0x40 out/main.o
 .rodata.stbi__jpeg_dezigzag
                0x8000087c       0x4f out/main.o
 *fill*         0x800008cb        0x1 
 .rodata.cvt1.1
                0x800008cc      0x1f2 out/ffunicode.o
 *fill*         0x80000abe        0x2 
 .rodata.cvt2.0
                0x80000ac0       0xbc out/ffunicode.o
 .rodata.uc855  0x80000b7c      0x100 out/ffunicode.o
 .rodata.check_fs.str1.4
                0x80000c7c       0x15 out/ff.o
 *fill*         0x80000c91        0x3 
 .rodata.follow_path.str1.4
                0x80000c94       0x13 out/ff.o
 *fill*         0x80000ca7        0x1 
 .rodata.ExCvt  0x80000ca8       0x80 out/ff.o
 .rodata.LfnOfs
                0x80000d28        0xd out/ff.o
 .rodata.__assert_func.str1.1
                0x80000d35       0x3c c:/tools/gcc-arm/bin/../lib/gcc/arm-none-eabi/10.3.1/../../../../arm-none-eabi/lib\libc_nano.a(lib_a-assert.o)
                                 0x3d (size before relaxing)
 *fill*         0x80000d71        0x3 
 .rodata.__sf_fake_stderr
                0x80000d74       0x20 c:/tools/gcc-arm/bin/../lib/gcc/arm-none-eabi/10.3.1/../../../../arm-none-eabi/lib\libc_nano.a(lib_a-findfp.o)
                0x80000d74                __sf_fake_stderr
 .rodata.__sf_fake_stdin
                0x80000d94       0x20 c:/tools/gcc-arm/bin/../lib/gcc/arm-none-eabi/10.3.1/../../../../arm-none-eabi/lib\libc_nano.a(lib_a-findfp.o)
                0x80000d94                __sf_fake_stdin
 .rodata.__sf_fake_stdout
                0x80000db4       0x20 c:/tools/gcc-arm/bin/../lib/gcc/arm-none-eabi/10.3.1/../../../../arm-none-eabi/lib\libc_nano.a(lib_a-findfp.o)
                0x80000db4                __sf_fake_stdout
 .rodata._global_impure_ptr
                0x80000dd4        0x4 c:/tools/gcc-arm/bin/../lib/gcc/arm-none-eabi/10.3.1/../../../../arm-none-eabi/lib\libc_nano.a(lib_a-impure.o)
                0x80000dd4                _global_impure_ptr
 .rodata._vfprintf_r.str1.1
                0x80000dd8       0x11 c:/tools/gcc-arm/bin/../lib/gcc/arm-none-eabi/10.3.1/../../../../arm-none-eabi/lib\libc_nano.a(lib_a-nano-vfprintf.o)
 .rodata._printf_i.str1.1
                0x80000de9       0x22 c:/tools/gcc-arm/bin/../lib/gcc/arm-none-eabi/10.3.1/../../../../arm-none-eabi/lib\libc_nano.a(lib_a-nano-vfprintf_i.o)
 .rodata._svfprintf_r.str1.1
                0x80000e0b       0x11 c:/tools/gcc-arm/bin/../lib/gcc/arm-none-eabi/10.3.1/../../../../arm-none-eabi/lib\libc_nano.a(lib_a-nano-svfprintf.o)
 .rodata._get_semihosting_exts.str1.1
                0x80000e0b       0x16 c:/tools/gcc-arm/bin/../lib/gcc/arm-none-eabi/10.3.1/../../../../arm-none-eabi/lib\librdimon_nano.a(rdimon-syscalls.o)
                0x80000e24                . = ALIGN (0x4)
 *fill*         0x80000e21        0x3 

.glue_7         0x80000e24        0x0
 .glue_7        0x80000e24        0x0 linker stubs

.glue_7t        0x80000e24        0x0
 .glue_7t       0x80000e24        0x0 linker stubs

.vfp11_veneer   0x80000e24        0x0
 .vfp11_veneer  0x80000e24        0x0 linker stubs

.v4_bx          0x80000e24        0x0
 .v4_bx         0x80000e24        0x0 linker stubs

.fini           0x80000e24        0xc
 .fini          0x80000e24        0xc c:/tools/gcc-arm/bin/../lib/gcc/arm-none-eabi/10.3.1/crti.o
                0x80000e24                _fini

.text.stbi__idct_block
                0x80000e30      0x48c
 .text.stbi__idct_block
                0x80000e30      0x48c out/main.o

.text.resample_row_1
                0x800012bc        0x8
 .text.resample_row_1
                0x800012bc        0x8 out/main.o

.text.stbi__resample_row_v_2
                0x800012c4       0x44
 .text.stbi__resample_row_v_2
                0x800012c4       0x44 out/main.o

.text.stbi__resample_row_hv_2
                0x80001308       0xc4
 .text.stbi__resample_row_hv_2
                0x80001308       0xc4 out/main.o

.text.stbi__resample_row_generic
                0x800013cc      0x14c
 .text.stbi__resample_row_generic
                0x800013cc      0x14c out/main.o

.text.stbi__YCbCr_to_RGB_row
                0x80001518       0xf4
 .text.stbi__YCbCr_to_RGB_row
                0x80001518       0xf4 out/main.o

.text.stbi__vertical_flip
                0x8000160c       0xb4
 .text.stbi__vertical_flip
                0x8000160c       0xb4 out/main.o

.text.stbi__resample_row_h_2
                0x800016c0       0xd0
 .text.stbi__resample_row_h_2
                0x800016c0       0xd0 out/main.o

.text.stbi__build_huffman
                0x80001790      0x17c
 .text.stbi__build_huffman
                0x80001790      0x17c out/main.o

.text.stbi__free_jpeg_components.constprop.0
                0x8000190c       0x8c
 .text.stbi__free_jpeg_components.constprop.0
                0x8000190c       0x8c out/main.o

.text.stbi__get16be
                0x80001998      0x12c
 .text.stbi__get16be
                0x80001998      0x12c out/main.o

.text.stbi__grow_buffer_unsafe
                0x80001ac4      0x23c
 .text.stbi__grow_buffer_unsafe
                0x80001ac4      0x23c out/main.o

.text.stbi__jpeg_huff_decode
                0x80001d00      0x18c
 .text.stbi__jpeg_huff_decode
                0x80001d00      0x18c out/main.o

.text.stbi__jpeg_decode_block_prog_dc
                0x80001e8c      0x1ac
 .text.stbi__jpeg_decode_block_prog_dc
                0x80001e8c      0x1ac out/main.o

.text.stbi__jpeg_decode_block
                0x80002038      0x298
 .text.stbi__jpeg_decode_block
                0x80002038      0x298 out/main.o

.text.stbi__process_marker
                0x800022d0     0x11f4
 .text.stbi__process_marker
                0x800022d0     0x11f4 out/main.o

.text.stbi__decode_jpeg_header.part.0
                0x800034c4      0xdf0
 .text.stbi__decode_jpeg_header.part.0
                0x800034c4      0xdf0 out/main.o

.text.stbi__load_main.constprop.0
                0x800042b4     0x2b10
 .text.stbi__load_main.constprop.0
                0x800042b4     0x2b10 out/main.o

.text.stbi__load_and_postprocess_8bit
                0x80006dc4      0x168
 .text.stbi__load_and_postprocess_8bit
                0x80006dc4      0x168 out/main.o

.text.ScaleRect
                0x80006f2c      0x120
 .text.ScaleRect
                0x80006f2c      0x120 out/main.o
                0x80006f2c                ScaleRect

.text.jpg_decode
                0x8000704c      0x118
 .text.jpg_decode
                0x8000704c      0x118 out/main.o
                0x8000704c                jpg_decode

.text.startup.main
                0x80007164      0x330
 .text.startup.main
                0x80007164      0x330 out/main.o
                0x80007164                main

.iplt           0x80007494        0x0
 .iplt          0x80007494        0x0 out/main.o

.text.sd_init   0x80007494       0x90
 .text.sd_init  0x80007494       0x90 out/sd.o
                0x80007494                sd_init

.text.sd_card_detect
                0x80007524       0xcc
 .text.sd_card_detect
                0x80007524       0xcc out/sd.o
                0x80007524                sd_card_detect

.text.sd_card_init
                0x800075f0      0xcbc
 .text.sd_card_init
                0x800075f0      0xcbc out/sd.o
                0x800075f0                sd_card_init

.text.sd_read   0x800082ac      0x358
 .text.sd_read  0x800082ac      0x358 out/sd.o
                0x800082ac                sd_read

.text.sd_write  0x80008604      0x448
 .text.sd_write
                0x80008604      0x448 out/sd.o
                0x80008604                sd_write

.text.err_handler
                0x80008a4c        0x4
 .text.err_handler
                0x80008a4c        0x4 out/sys.o
                0x80008a4c                err_handler

.text.swi_handler
                0x80008a50        0x4
 .text.swi_handler
                0x80008a50        0x4 out/sys.o
                0x80008a50                swi_handler

.text.irq_handler
                0x80008a54        0x4
 .text.irq_handler
                0x80008a54        0x4 out/sys.o
                0x80008a54                irq_handler

.text._write    0x80008a58       0x60
 .text._write   0x80008a58       0x60 out/sys.o
                0x80008a58                _write

.text._read     0x80008ab8       0x24
 .text._read    0x80008ab8       0x24 out/sys.o
                0x80008ab8                _read

.text.sys_init  0x80008adc       0xf0
 .text.sys_init
                0x80008adc       0xf0 out/sys.o
                0x80008adc                sys_init

.text.delay     0x80008bcc       0x2c
 .text.delay    0x80008bcc       0x2c out/sys.o
                0x80008bcc                delay

.text.state_vsys
                0x80008bf8       0x30
 .text.state_vsys
                0x80008bf8       0x30 out/sys.o
                0x80008bf8                state_vsys

.text.state_switch
                0x80008c28       0x18
 .text.state_switch
                0x80008c28       0x18 out/sys.o
                0x80008c28                state_switch

.text.dev_enable
                0x80008c40       0x20
 .text.dev_enable
                0x80008c40       0x20 out/sys.o
                0x80008c40                dev_enable

.text.spi_deinit
                0x80008c60       0x2c
 .text.spi_deinit
                0x80008c60       0x2c out/spi.o
                0x80008c60                spi_deinit

.text.disp_init
                0x80008c8c      0x468
 .text.disp_init
                0x80008c8c      0x468 out/display.o
                0x80008c8c                disp_init

.text.disp_backlight
                0x800090f4       0x60
 .text.disp_backlight
                0x800090f4       0x60 out/display.o
                0x800090f4                disp_backlight

.text.lay_config
                0x80009154       0x54
 .text.lay_config
                0x80009154       0x54 out/display.o
                0x80009154                lay_config

.text.lay_update
                0x800091a8       0x88
 .text.lay_update
                0x800091a8       0x88 out/display.o
                0x800091a8                lay_update

.text.fb_alloc  0x80009230       0x44
 .text.fb_alloc
                0x80009230       0x44 out/display.o
                0x80009230                fb_alloc

.text.rt_hw_mmu_init
                0x80009274       0xfc
 .text.rt_hw_mmu_init
                0x80009274       0xfc out/mmu.o
                0x80009274                rt_hw_mmu_init

.text.disk_status
                0x80009370       0x24
 .text.disk_status
                0x80009370       0x24 out/diskio.o
                0x80009370                disk_status

.text.disk_initialize
                0x80009394       0x30
 .text.disk_initialize
                0x80009394       0x30 out/diskio.o
                0x80009394                disk_initialize

.text.disk_init
                0x800093c4       0x2c
 .text.disk_init
                0x800093c4       0x2c out/diskio.o
                0x800093c4                disk_init

.text.disk_read
                0x800093f0       0x74
 .text.disk_read
                0x800093f0       0x74 out/diskio.o
                0x800093f0                disk_read

.text.disk_write
                0x80009464       0x74
 .text.disk_write
                0x80009464       0x74 out/diskio.o
                0x80009464                disk_write

.text.disk_ioctl
                0x800094d8       0x34
 .text.disk_ioctl
                0x800094d8       0x34 out/diskio.o
                0x800094d8                disk_ioctl

.text.ff_uni2oem
                0x8000950c       0x80
 .text.ff_uni2oem
                0x8000950c       0x80 out/ffunicode.o
                0x8000950c                ff_uni2oem

.text.ff_oem2uni
                0x8000958c       0x40
 .text.ff_oem2uni
                0x8000958c       0x40 out/ffunicode.o
                0x8000958c                ff_oem2uni

.text.ff_wtoupper
                0x800095cc      0x158
 .text.ff_wtoupper
                0x800095cc      0x158 out/ffunicode.o
                0x800095cc                ff_wtoupper

.text.pattern_match
                0x80009724      0x168
 .text.pattern_match
                0x80009724      0x168 out/ff.o

.text.sync_fs   0x8000988c      0x154
 .text.sync_fs  0x8000988c      0x154 out/ff.o

.text.init_alloc_info.isra.0
                0x800099e0       0x7c
 .text.init_alloc_info.isra.0
                0x800099e0       0x7c out/ff.o

.text.get_fileinfo
                0x80009a5c      0x530
 .text.get_fileinfo
                0x80009a5c      0x530 out/ff.o

.text.move_window.part.0
                0x80009f8c       0xa8
 .text.move_window.part.0
                0x80009f8c       0xa8 out/ff.o

.text.put_fat.part.0
                0x8000a034      0x20c
 .text.put_fat.part.0
                0x8000a034      0x20c out/ff.o

.text.get_fat   0x8000a240      0x264
 .text.get_fat  0x8000a240      0x264 out/ff.o

.text.dir_next.constprop.0
                0x8000a4a4       0xfc
 .text.dir_next.constprop.0
                0x8000a4a4       0xfc out/ff.o

.text.dir_clear
                0x8000a5a0      0x104
 .text.dir_clear
                0x8000a5a0      0x104 out/ff.o

.text.check_fs  0x8000a6a4      0x20c
 .text.check_fs
                0x8000a6a4      0x20c out/ff.o

.text.mount_volume
                0x8000a8b0      0x888
 .text.mount_volume
                0x8000a8b0      0x888 out/ff.o

.text.load_xdir
                0x8000b138      0x294
 .text.load_xdir
                0x8000b138      0x294 out/ff.o

.text.dir_read.constprop.0
                0x8000b3cc      0x6ec
 .text.dir_read.constprop.0
                0x8000b3cc      0x6ec out/ff.o

.text.dir_sdi   0x8000bab8      0x398
 .text.dir_sdi  0x8000bab8      0x398 out/ff.o

.text.dir_find  0x8000be50      0x554
 .text.dir_find
                0x8000be50      0x554 out/ff.o

.text.follow_path
                0x8000c3a4      0x554
 .text.follow_path
                0x8000c3a4      0x554 out/ff.o

.text.store_xdir
                0x8000c8f8      0x238
 .text.store_xdir
                0x8000c8f8      0x238 out/ff.o

.text.create_chain
                0x8000cb30      0x6a4
 .text.create_chain
                0x8000cb30      0x6a4 out/ff.o

.text.dir_alloc
                0x8000d1d4      0x2c8
 .text.dir_alloc
                0x8000d1d4      0x2c8 out/ff.o

.text.dir_register
                0x8000d49c      0xe7c
 .text.dir_register
                0x8000d49c      0xe7c out/ff.o

.text.remove_chain
                0x8000e318      0x4f8
 .text.remove_chain
                0x8000e318      0x4f8 out/ff.o

.text.f_mount   0x8000e810       0xcc
 .text.f_mount  0x8000e810       0xcc out/ff.o
                0x8000e810                f_mount

.text.f_open    0x8000e8dc      0x4d0
 .text.f_open   0x8000e8dc      0x4d0 out/ff.o
                0x8000e8dc                f_open

.text.f_read    0x8000edac      0x2b4
 .text.f_read   0x8000edac      0x2b4 out/ff.o
                0x8000edac                f_read

.text.f_sync    0x8000f060      0x3d0
 .text.f_sync   0x8000f060      0x3d0 out/ff.o
                0x8000f060                f_sync

.text.f_close   0x8000f430       0x64
 .text.f_close  0x8000f430       0x64 out/ff.o
                0x8000f430                f_close

.text.f_closedir
                0x8000f494       0x54
 .text.f_closedir
                0x8000f494       0x54 out/ff.o
                0x8000f494                f_closedir

.text.f_findnext
                0x8000f4e8      0x10c
 .text.f_findnext
                0x8000f4e8      0x10c out/ff.o
                0x8000f4e8                f_findnext

.text.f_findfirst
                0x8000f5f4      0x140
 .text.f_findfirst
                0x8000f5f4      0x140 out/ff.o
                0x8000f5f4                f_findfirst

.text.abort     0x8000f734       0x14
 .text.abort    0x8000f734       0x14 c:/tools/gcc-arm/bin/../lib/gcc/arm-none-eabi/10.3.1/../../../../arm-none-eabi/lib\libc_nano.a(lib_a-abort.o)
                0x8000f734                abort

.text.__assert_func
                0x8000f748       0x50
 .text.__assert_func
                0x8000f748       0x50 c:/tools/gcc-arm/bin/../lib/gcc/arm-none-eabi/10.3.1/../../../../arm-none-eabi/lib\libc_nano.a(lib_a-assert.o)
                0x8000f748                __assert_func

.text.__errno   0x8000f798       0x10
 .text.__errno  0x8000f798       0x10 c:/tools/gcc-arm/bin/../lib/gcc/arm-none-eabi/10.3.1/../../../../arm-none-eabi/lib\libc_nano.a(lib_a-errno.o)
                0x8000f798                __errno

.text.__sflush_r
                0x8000f7a8      0x1e8
 .text.__sflush_r
                0x8000f7a8      0x1e8 c:/tools/gcc-arm/bin/../lib/gcc/arm-none-eabi/10.3.1/../../../../arm-none-eabi/lib\libc_nano.a(lib_a-fflush.o)
                0x8000f7a8                __sflush_r

.text._fflush_r
                0x8000f990       0xcc
 .text._fflush_r
                0x8000f990       0xcc c:/tools/gcc-arm/bin/../lib/gcc/arm-none-eabi/10.3.1/../../../../arm-none-eabi/lib\libc_nano.a(lib_a-fflush.o)
                0x8000f990                _fflush_r

.text.std       0x8000fa5c       0x7c
 .text.std      0x8000fa5c       0x7c c:/tools/gcc-arm/bin/../lib/gcc/arm-none-eabi/10.3.1/../../../../arm-none-eabi/lib\libc_nano.a(lib_a-findfp.o)

.text._cleanup_r
                0x8000fad8       0x18
 .text._cleanup_r
                0x8000fad8       0x18 c:/tools/gcc-arm/bin/../lib/gcc/arm-none-eabi/10.3.1/../../../../arm-none-eabi/lib\libc_nano.a(lib_a-findfp.o)
                0x8000fad8                _cleanup_r

.text.__sfmoreglue
                0x8000faf0       0x48
 .text.__sfmoreglue
                0x8000faf0       0x48 c:/tools/gcc-arm/bin/../lib/gcc/arm-none-eabi/10.3.1/../../../../arm-none-eabi/lib\libc_nano.a(lib_a-findfp.o)
                0x8000faf0                __sfmoreglue

.text.__sfp_lock_acquire
                0x8000fb38       0x18
 .text.__sfp_lock_acquire
                0x8000fb38       0x18 c:/tools/gcc-arm/bin/../lib/gcc/arm-none-eabi/10.3.1/../../../../arm-none-eabi/lib\libc_nano.a(lib_a-findfp.o)
                0x8000fb38                __sfp_lock_acquire

.text.__sfp_lock_release
                0x8000fb50       0x18
 .text.__sfp_lock_release
                0x8000fb50       0x18 c:/tools/gcc-arm/bin/../lib/gcc/arm-none-eabi/10.3.1/../../../../arm-none-eabi/lib\libc_nano.a(lib_a-findfp.o)
                0x8000fb50                __sfp_lock_release

.text.__sinit_lock_acquire
                0x8000fb68       0x18
 .text.__sinit_lock_acquire
                0x8000fb68       0x18 c:/tools/gcc-arm/bin/../lib/gcc/arm-none-eabi/10.3.1/../../../../arm-none-eabi/lib\libc_nano.a(lib_a-findfp.o)
                0x8000fb68                __sinit_lock_acquire

.text.__sinit_lock_release
                0x8000fb80       0x18
 .text.__sinit_lock_release
                0x8000fb80       0x18 c:/tools/gcc-arm/bin/../lib/gcc/arm-none-eabi/10.3.1/../../../../arm-none-eabi/lib\libc_nano.a(lib_a-findfp.o)
                0x8000fb80                __sinit_lock_release

.text.__sinit   0x8000fb98       0xb0
 .text.__sinit  0x8000fb98       0xb0 c:/tools/gcc-arm/bin/../lib/gcc/arm-none-eabi/10.3.1/../../../../arm-none-eabi/lib\libc_nano.a(lib_a-findfp.o)
                0x8000fb98                __sinit

.text.__sfp     0x8000fc48       0xec
 .text.__sfp    0x8000fc48       0xec c:/tools/gcc-arm/bin/../lib/gcc/arm-none-eabi/10.3.1/../../../../arm-none-eabi/lib\libc_nano.a(lib_a-findfp.o)
                0x8000fc48                __sfp

.text.fprintf   0x8000fd34       0x38
 .text.fprintf  0x8000fd34       0x38 c:/tools/gcc-arm/bin/../lib/gcc/arm-none-eabi/10.3.1/../../../../arm-none-eabi/lib\libc_nano.a(lib_a-fprintf.o)
                0x8000fd34                fiprintf
                0x8000fd34                fprintf

.text._fwalk_reent
                0x8000fd6c       0x70
 .text._fwalk_reent
                0x8000fd6c       0x70 c:/tools/gcc-arm/bin/../lib/gcc/arm-none-eabi/10.3.1/../../../../arm-none-eabi/lib\libc_nano.a(lib_a-fwalk.o)
                0x8000fd6c                _fwalk_reent

.text.__retarget_lock_init_recursive
                0x8000fddc        0x4
 .text.__retarget_lock_init_recursive
                0x8000fddc        0x4 c:/tools/gcc-arm/bin/../lib/gcc/arm-none-eabi/10.3.1/../../../../arm-none-eabi/lib\libc_nano.a(lib_a-lock.o)
                0x8000fddc                __retarget_lock_init_recursive

.text.__retarget_lock_acquire_recursive
                0x8000fde0        0x4
 .text.__retarget_lock_acquire_recursive
                0x8000fde0        0x4 c:/tools/gcc-arm/bin/../lib/gcc/arm-none-eabi/10.3.1/../../../../arm-none-eabi/lib\libc_nano.a(lib_a-lock.o)
                0x8000fde0                __retarget_lock_acquire_recursive

.text.__retarget_lock_release_recursive
                0x8000fde4        0x4
 .text.__retarget_lock_release_recursive
                0x8000fde4        0x4 c:/tools/gcc-arm/bin/../lib/gcc/arm-none-eabi/10.3.1/../../../../arm-none-eabi/lib\libc_nano.a(lib_a-lock.o)
                0x8000fde4                __retarget_lock_release_recursive

.text.__swhatbuf_r
                0x8000fde8       0x7c
 .text.__swhatbuf_r
                0x8000fde8       0x7c c:/tools/gcc-arm/bin/../lib/gcc/arm-none-eabi/10.3.1/../../../../arm-none-eabi/lib\libc_nano.a(lib_a-makebuf.o)
                0x8000fde8                __swhatbuf_r

.text.__smakebuf_r
                0x8000fe64       0xdc
 .text.__smakebuf_r
                0x8000fe64       0xdc c:/tools/gcc-arm/bin/../lib/gcc/arm-none-eabi/10.3.1/../../../../arm-none-eabi/lib\libc_nano.a(lib_a-makebuf.o)
                0x8000fe64                __smakebuf_r

.text.memalign  0x8000ff40       0x24
 .text.memalign
                0x8000ff40       0x24 c:/tools/gcc-arm/bin/../lib/gcc/arm-none-eabi/10.3.1/../../../../arm-none-eabi/lib\libc_nano.a(lib_a-malign.o)
                0x8000ff40                memalign

.text.malloc    0x8000ff64       0x20
 .text.malloc   0x8000ff64       0x20 c:/tools/gcc-arm/bin/../lib/gcc/arm-none-eabi/10.3.1/../../../../arm-none-eabi/lib\libc_nano.a(lib_a-malloc.o)
                0x8000ff64                malloc

.text.free      0x8000ff84       0x20
 .text.free     0x8000ff84       0x20 c:/tools/gcc-arm/bin/../lib/gcc/arm-none-eabi/10.3.1/../../../../arm-none-eabi/lib\libc_nano.a(lib_a-malloc.o)
                0x8000ff84                free

.text.memcmp    0x8000ffa4       0x38
 .text.memcmp   0x8000ffa4       0x38 c:/tools/gcc-arm/bin/../lib/gcc/arm-none-eabi/10.3.1/../../../../arm-none-eabi/lib\libc_nano.a(lib_a-memcmp.o)
                0x8000ffa4                memcmp

.text.memcpy    0x8000ffdc       0x1c
 .text.memcpy   0x8000ffdc       0x1c c:/tools/gcc-arm/bin/../lib/gcc/arm-none-eabi/10.3.1/../../../../arm-none-eabi/lib\libc_nano.a(lib_a-memcpy-stub.o)
                0x8000ffdc                memcpy

.text.memset    0x8000fff8       0x18
 .text.memset   0x8000fff8       0x18 c:/tools/gcc-arm/bin/../lib/gcc/arm-none-eabi/10.3.1/../../../../arm-none-eabi/lib\libc_nano.a(lib_a-memset.o)
                0x8000fff8                memset

.text._free_r   0x80010010      0x10c
 .text._free_r  0x80010010      0x10c c:/tools/gcc-arm/bin/../lib/gcc/arm-none-eabi/10.3.1/../../../../arm-none-eabi/lib\libc_nano.a(lib_a-nano-freer.o)
                0x80010010                _free_r

.text._memalign_r
                0x8001011c      0x110
 .text._memalign_r
                0x8001011c      0x110 c:/tools/gcc-arm/bin/../lib/gcc/arm-none-eabi/10.3.1/../../../../arm-none-eabi/lib\libc_nano.a(lib_a-nano-malignr.o)
                0x8001011c                _memalign_r

.text.sbrk_aligned
                0x8001022c       0x70
 .text.sbrk_aligned
                0x8001022c       0x70 c:/tools/gcc-arm/bin/../lib/gcc/arm-none-eabi/10.3.1/../../../../arm-none-eabi/lib\libc_nano.a(lib_a-nano-mallocr.o)

.text._malloc_r
                0x8001029c      0x17c
 .text._malloc_r
                0x8001029c      0x17c c:/tools/gcc-arm/bin/../lib/gcc/arm-none-eabi/10.3.1/../../../../arm-none-eabi/lib\libc_nano.a(lib_a-nano-mallocr.o)
                0x8001029c                _malloc_r

.text.__sfputc_r
                0x80010418       0x68
 .text.__sfputc_r
                0x80010418       0x68 c:/tools/gcc-arm/bin/../lib/gcc/arm-none-eabi/10.3.1/../../../../arm-none-eabi/lib\libc_nano.a(lib_a-nano-vfprintf.o)

.text.__sfputs_r
                0x80010480       0x40
 .text.__sfputs_r
                0x80010480       0x40 c:/tools/gcc-arm/bin/../lib/gcc/arm-none-eabi/10.3.1/../../../../arm-none-eabi/lib\libc_nano.a(lib_a-nano-vfprintf.o)
                0x80010480                __sfputs_r

.text._vfprintf_r
                0x800104c0      0x3d4
 .text._vfprintf_r
                0x800104c0      0x3d4 c:/tools/gcc-arm/bin/../lib/gcc/arm-none-eabi/10.3.1/../../../../arm-none-eabi/lib\libc_nano.a(lib_a-nano-vfprintf.o)
                0x800104c0                _vfprintf_r
                0x800104c0                _vfiprintf_r

.text._printf_common
                0x80010894      0x174
 .text._printf_common
                0x80010894      0x174 c:/tools/gcc-arm/bin/../lib/gcc/arm-none-eabi/10.3.1/../../../../arm-none-eabi/lib\libc_nano.a(lib_a-nano-vfprintf_i.o)
                0x80010894                _printf_common

.text._printf_i
                0x80010a08      0x3a4
 .text._printf_i
                0x80010a08      0x3a4 c:/tools/gcc-arm/bin/../lib/gcc/arm-none-eabi/10.3.1/../../../../arm-none-eabi/lib\libc_nano.a(lib_a-nano-vfprintf_i.o)
                0x80010a08                _printf_i

.text.printf    0x80010dac       0x54
 .text.printf   0x80010dac       0x54 c:/tools/gcc-arm/bin/../lib/gcc/arm-none-eabi/10.3.1/../../../../arm-none-eabi/lib\libc_nano.a(lib_a-printf.o)
                0x80010dac                iprintf
                0x80010dac                printf

.text._puts_r   0x80010e00      0x18c
 .text._puts_r  0x80010e00      0x18c c:/tools/gcc-arm/bin/../lib/gcc/arm-none-eabi/10.3.1/../../../../arm-none-eabi/lib\libc_nano.a(lib_a-puts.o)
                0x80010e00                _puts_r

.text.puts      0x80010f8c       0x14
 .text.puts     0x80010f8c       0x14 c:/tools/gcc-arm/bin/../lib/gcc/arm-none-eabi/10.3.1/../../../../arm-none-eabi/lib\libc_nano.a(lib_a-puts.o)
                0x80010f8c                puts

.text._sbrk_r   0x80010fa0       0x3c
 .text._sbrk_r  0x80010fa0       0x3c c:/tools/gcc-arm/bin/../lib/gcc/arm-none-eabi/10.3.1/../../../../arm-none-eabi/lib\libc_nano.a(lib_a-sbrkr.o)
                0x80010fa0                _sbrk_r

.text.setbuf    0x80010fdc       0x20
 .text.setbuf   0x80010fdc       0x20 c:/tools/gcc-arm/bin/../lib/gcc/arm-none-eabi/10.3.1/../../../../arm-none-eabi/lib\libc_nano.a(lib_a-setbuf.o)
                0x80010fdc                setbuf

.text.setvbuf   0x80010ffc      0x24c
 .text.setvbuf  0x80010ffc      0x24c c:/tools/gcc-arm/bin/../lib/gcc/arm-none-eabi/10.3.1/../../../../arm-none-eabi/lib\libc_nano.a(lib_a-setvbuf.o)
                0x80010ffc                setvbuf

.text._raise_r  0x80011248       0x90
 .text._raise_r
                0x80011248       0x90 c:/tools/gcc-arm/bin/../lib/gcc/arm-none-eabi/10.3.1/../../../../arm-none-eabi/lib\libc_nano.a(lib_a-signal.o)
                0x80011248                _raise_r

.text.raise     0x800112d8       0x14
 .text.raise    0x800112d8       0x14 c:/tools/gcc-arm/bin/../lib/gcc/arm-none-eabi/10.3.1/../../../../arm-none-eabi/lib\libc_nano.a(lib_a-signal.o)
                0x800112d8                raise

.text._kill_r   0x800112ec       0x40
 .text._kill_r  0x800112ec       0x40 c:/tools/gcc-arm/bin/../lib/gcc/arm-none-eabi/10.3.1/../../../../arm-none-eabi/lib\libc_nano.a(lib_a-signalr.o)
                0x800112ec                _kill_r

.text._getpid_r
                0x8001132c       0x10
 .text._getpid_r
                0x8001132c       0x10 c:/tools/gcc-arm/bin/../lib/gcc/arm-none-eabi/10.3.1/../../../../arm-none-eabi/lib\libc_nano.a(lib_a-signalr.o)
                0x8001132c                _getpid_r

.text.sprintf   0x8001133c       0x68
 .text.sprintf  0x8001133c       0x68 c:/tools/gcc-arm/bin/../lib/gcc/arm-none-eabi/10.3.1/../../../../arm-none-eabi/lib\libc_nano.a(lib_a-sprintf.o)
                0x8001133c                siprintf
                0x8001133c                sprintf

.text.__sread   0x800113a4       0x34
 .text.__sread  0x800113a4       0x34 c:/tools/gcc-arm/bin/../lib/gcc/arm-none-eabi/10.3.1/../../../../arm-none-eabi/lib\libc_nano.a(lib_a-stdio.o)
                0x800113a4                __sread

.text.__swrite  0x800113d8       0x58
 .text.__swrite
                0x800113d8       0x58 c:/tools/gcc-arm/bin/../lib/gcc/arm-none-eabi/10.3.1/../../../../arm-none-eabi/lib\libc_nano.a(lib_a-stdio.o)
                0x800113d8                __swrite

.text.__sseek   0x80011430       0x34
 .text.__sseek  0x80011430       0x34 c:/tools/gcc-arm/bin/../lib/gcc/arm-none-eabi/10.3.1/../../../../arm-none-eabi/lib\libc_nano.a(lib_a-stdio.o)
                0x80011430                __sseek

.text.__sclose  0x80011464       0x14
 .text.__sclose
                0x80011464       0x14 c:/tools/gcc-arm/bin/../lib/gcc/arm-none-eabi/10.3.1/../../../../arm-none-eabi/lib\libc_nano.a(lib_a-stdio.o)
                0x80011464                __sclose

.text.strchr    0x80011478       0x30
 .text.strchr   0x80011478       0x30 c:/tools/gcc-arm/bin/../lib/gcc/arm-none-eabi/10.3.1/../../../../arm-none-eabi/lib\libc_nano.a(lib_a-strchr.o)
                0x80011478                strchr

.text.__swbuf_r
                0x800114a8      0x12c
 .text.__swbuf_r
                0x800114a8      0x12c c:/tools/gcc-arm/bin/../lib/gcc/arm-none-eabi/10.3.1/../../../../arm-none-eabi/lib\libc_nano.a(lib_a-wbuf.o)
                0x800114a8                __swbuf_r

.text._write_r  0x800115d4       0x44
 .text._write_r
                0x800115d4       0x44 c:/tools/gcc-arm/bin/../lib/gcc/arm-none-eabi/10.3.1/../../../../arm-none-eabi/lib\libc_nano.a(lib_a-writer.o)
                0x800115d4                _write_r

.text.__swsetup_r
                0x80011618      0x160
 .text.__swsetup_r
                0x80011618      0x160 c:/tools/gcc-arm/bin/../lib/gcc/arm-none-eabi/10.3.1/../../../../arm-none-eabi/lib\libc_nano.a(lib_a-wsetup.o)
                0x80011618                __swsetup_r

.text._close_r  0x80011778       0x3c
 .text._close_r
                0x80011778       0x3c c:/tools/gcc-arm/bin/../lib/gcc/arm-none-eabi/10.3.1/../../../../arm-none-eabi/lib\libc_nano.a(lib_a-closer.o)
                0x80011778                _close_r

.text._fstat_r  0x800117b4       0x40
 .text._fstat_r
                0x800117b4       0x40 c:/tools/gcc-arm/bin/../lib/gcc/arm-none-eabi/10.3.1/../../../../arm-none-eabi/lib\libc_nano.a(lib_a-fstatr.o)
                0x800117b4                _fstat_r

.text._isatty_r
                0x800117f4       0x3c
 .text._isatty_r
                0x800117f4       0x3c c:/tools/gcc-arm/bin/../lib/gcc/arm-none-eabi/10.3.1/../../../../arm-none-eabi/lib\libc_nano.a(lib_a-isattyr.o)
                0x800117f4                _isatty_r

.text._lseek_r  0x80011830       0x44
 .text._lseek_r
                0x80011830       0x44 c:/tools/gcc-arm/bin/../lib/gcc/arm-none-eabi/10.3.1/../../../../arm-none-eabi/lib\libc_nano.a(lib_a-lseekr.o)
                0x80011830                _lseek_r

.text.memchr    0x80011874       0x34
 .text.memchr   0x80011874       0x34 c:/tools/gcc-arm/bin/../lib/gcc/arm-none-eabi/10.3.1/../../../../arm-none-eabi/lib\libc_nano.a(lib_a-memchr-stub.o)
                0x80011874                memchr

.text.memmove   0x800118a8       0x4c
 .text.memmove  0x800118a8       0x4c c:/tools/gcc-arm/bin/../lib/gcc/arm-none-eabi/10.3.1/../../../../arm-none-eabi/lib\libc_nano.a(lib_a-memmove.o)
                0x800118a8                memmove

.text.__malloc_lock
                0x800118f4       0x18
 .text.__malloc_lock
                0x800118f4       0x18 c:/tools/gcc-arm/bin/../lib/gcc/arm-none-eabi/10.3.1/../../../../arm-none-eabi/lib\libc_nano.a(lib_a-mlock.o)
                0x800118f4                __malloc_lock

.text.__malloc_unlock
                0x8001190c       0x18
 .text.__malloc_unlock
                0x8001190c       0x18 c:/tools/gcc-arm/bin/../lib/gcc/arm-none-eabi/10.3.1/../../../../arm-none-eabi/lib\libc_nano.a(lib_a-mlock.o)
                0x8001190c                __malloc_unlock

.text._realloc_r
                0x80011924       0x94
 .text._realloc_r
                0x80011924       0x94 c:/tools/gcc-arm/bin/../lib/gcc/arm-none-eabi/10.3.1/../../../../arm-none-eabi/lib\libc_nano.a(lib_a-nano-reallocr.o)
                0x80011924                _realloc_r

.text.__ssputs_r
                0x800119b8      0x124
 .text.__ssputs_r
                0x800119b8      0x124 c:/tools/gcc-arm/bin/../lib/gcc/arm-none-eabi/10.3.1/../../../../arm-none-eabi/lib\libc_nano.a(lib_a-nano-svfprintf.o)
                0x800119b8                __ssputs_r

.text._svfprintf_r
                0x80011adc      0x340
 .text._svfprintf_r
                0x80011adc      0x340 c:/tools/gcc-arm/bin/../lib/gcc/arm-none-eabi/10.3.1/../../../../arm-none-eabi/lib\libc_nano.a(lib_a-nano-svfprintf.o)
                0x80011adc                _svfiprintf_r
                0x80011adc                _svfprintf_r

.text._read_r   0x80011e1c       0x44
 .text._read_r  0x80011e1c       0x44 c:/tools/gcc-arm/bin/../lib/gcc/arm-none-eabi/10.3.1/../../../../arm-none-eabi/lib\libc_nano.a(lib_a-readr.o)
                0x80011e1c                _read_r

.text._malloc_usable_size_r
                0x80011e60       0x18
 .text._malloc_usable_size_r
                0x80011e60       0x18 c:/tools/gcc-arm/bin/../lib/gcc/arm-none-eabi/10.3.1/../../../../arm-none-eabi/lib\libc_nano.a(lib_a-nano-msizer.o)
                0x80011e60                _malloc_usable_size_r

.text.findslot  0x80011e78       0x54
 .text.findslot
                0x80011e78       0x54 c:/tools/gcc-arm/bin/../lib/gcc/arm-none-eabi/10.3.1/../../../../arm-none-eabi/lib\librdimon_nano.a(rdimon-syscalls.o)

.text.error     0x80011ecc       0x38
 .text.error    0x80011ecc       0x38 c:/tools/gcc-arm/bin/../lib/gcc/arm-none-eabi/10.3.1/../../../../arm-none-eabi/lib\librdimon_nano.a(rdimon-syscalls.o)

.text.checkerror
                0x80011f04        0xc
 .text.checkerror
                0x80011f04        0xc c:/tools/gcc-arm/bin/../lib/gcc/arm-none-eabi/10.3.1/../../../../arm-none-eabi/lib\librdimon_nano.a(rdimon-syscalls.o)

.text._swilseek
                0x80011f10       0xd8
 .text._swilseek
                0x80011f10       0xd8 c:/tools/gcc-arm/bin/../lib/gcc/arm-none-eabi/10.3.1/../../../../arm-none-eabi/lib\librdimon_nano.a(rdimon-syscalls.o)
                0x80011f10                _swilseek

.text._lseek    0x80011fe8        0x4
 .text._lseek   0x80011fe8        0x4 c:/tools/gcc-arm/bin/../lib/gcc/arm-none-eabi/10.3.1/../../../../arm-none-eabi/lib\librdimon_nano.a(rdimon-syscalls.o)
                0x80011fe8                _lseek

.text._swiclose
                0x80011fec       0x34
 .text._swiclose
                0x80011fec       0x34 c:/tools/gcc-arm/bin/../lib/gcc/arm-none-eabi/10.3.1/../../../../arm-none-eabi/lib\librdimon_nano.a(rdimon-syscalls.o)
                0x80011fec                _swiclose

.text._close    0x80012020       0x74
 .text._close   0x80012020       0x74 c:/tools/gcc-arm/bin/../lib/gcc/arm-none-eabi/10.3.1/../../../../arm-none-eabi/lib\librdimon_nano.a(rdimon-syscalls.o)
                0x80012020                _close

.text._getpid   0x80012094        0x8
 .text._getpid  0x80012094        0x8 c:/tools/gcc-arm/bin/../lib/gcc/arm-none-eabi/10.3.1/../../../../arm-none-eabi/lib\librdimon_nano.a(rdimon-syscalls.o)
                0x80012094                _getpid

.text._sbrk     0x8001209c       0x7c
 .text._sbrk    0x8001209c       0x7c c:/tools/gcc-arm/bin/../lib/gcc/arm-none-eabi/10.3.1/../../../../arm-none-eabi/lib\librdimon_nano.a(rdimon-syscalls.o)
                0x8001209c                _sbrk

.text._swistat  0x80012118       0x6c
 .text._swistat
                0x80012118       0x6c c:/tools/gcc-arm/bin/../lib/gcc/arm-none-eabi/10.3.1/../../../../arm-none-eabi/lib\librdimon_nano.a(rdimon-syscalls.o)
                0x80012118                _swistat

.text._fstat    0x80012184       0x2c
 .text._fstat   0x80012184       0x2c c:/tools/gcc-arm/bin/../lib/gcc/arm-none-eabi/10.3.1/../../../../arm-none-eabi/lib\librdimon_nano.a(rdimon-syscalls.o)
                0x80012184                _fstat

.text._stat     0x800121b0       0x64
 .text._stat    0x800121b0       0x64 c:/tools/gcc-arm/bin/../lib/gcc/arm-none-eabi/10.3.1/../../../../arm-none-eabi/lib\librdimon_nano.a(rdimon-syscalls.o)
                0x800121b0                _stat

.text._swiopen  0x80012218      0x120
 .text._swiopen
                0x80012218      0x10c c:/tools/gcc-arm/bin/../lib/gcc/arm-none-eabi/10.3.1/../../../../arm-none-eabi/lib\librdimon_nano.a(rdimon-syscalls.o)
                0x80012218                _swiopen
 *fill*         0x80012324        0x4 
 .text._swiopen.__stub
                0x80012328        0xc linker stubs

.text._get_semihosting_exts
                0x80012338      0x120
 .text._get_semihosting_exts
                0x80012338      0x120 c:/tools/gcc-arm/bin/../lib/gcc/arm-none-eabi/10.3.1/../../../../arm-none-eabi/lib\librdimon_nano.a(rdimon-syscalls.o)
                0x80012338                _get_semihosting_exts

.text.initialise_semihosting_exts
                0x80012458       0x54
 .text.initialise_semihosting_exts
                0x80012458       0x54 c:/tools/gcc-arm/bin/../lib/gcc/arm-none-eabi/10.3.1/../../../../arm-none-eabi/lib\librdimon_nano.a(rdimon-syscalls.o)

.text._has_ext_exit_extended
                0x800124ac       0x24
 .text._has_ext_exit_extended
                0x800124ac       0x24 c:/tools/gcc-arm/bin/../lib/gcc/arm-none-eabi/10.3.1/../../../../arm-none-eabi/lib\librdimon_nano.a(rdimon-syscalls.o)
                0x800124ac                _has_ext_exit_extended

.text._isatty   0x800124d0       0x68
 .text._isatty  0x800124d0       0x68 c:/tools/gcc-arm/bin/../lib/gcc/arm-none-eabi/10.3.1/../../../../arm-none-eabi/lib\librdimon_nano.a(rdimon-syscalls.o)
                0x800124d0                _isatty

.text._exit     0x80012538       0x18
 .text._exit    0x80012538       0x18 c:/tools/gcc-arm/bin/../lib/gcc/arm-none-eabi/10.3.1/../../../../arm-none-eabi/lib\librdimon_nano.a(rdimon-_exit.o)
                0x80012538                _exit

.text._kill_shared
                0x80012550       0x3c
 .text._kill_shared
                0x80012550       0x3c c:/tools/gcc-arm/bin/../lib/gcc/arm-none-eabi/10.3.1/../../../../arm-none-eabi/lib\librdimon_nano.a(rdimon-_kill.o)
                0x80012550                _kill_shared

.text._kill     0x8001258c       0x1c
 .text._kill    0x8001258c       0x1c c:/tools/gcc-arm/bin/../lib/gcc/arm-none-eabi/10.3.1/../../../../arm-none-eabi/lib\librdimon_nano.a(rdimon-_kill.o)
                0x8001258c                _kill

.rel.dyn        0x800125a8        0x0
 .rel.iplt      0x800125a8        0x0 out/main.o

.ARM.exidx      0x800125a8        0x8
 .ARM.exidx     0x800125a8        0x8 c:/tools/gcc-arm/bin/../lib/gcc/arm-none-eabi/10.3.1\libgcc.a(emutls.o)
                                 0x20 (size before relaxing)

.data           0x800125b0        0x0
 *(.data)
                0x800125b0                . = ALIGN (0x4)

.data.__emutls_v.stbi__g_failure_reason
                0x800125b0       0x10
 .data.__emutls_v.stbi__g_failure_reason
                0x800125b0       0x10 out/main.o

.data.__emutls_v.stbi__vertically_flip_on_load_local
                0x800125c0       0x10
 .data.__emutls_v.stbi__vertically_flip_on_load_local
                0x800125c0       0x10 out/main.o

.data.__emutls_v.stbi__vertically_flip_on_load_set
                0x800125d0       0x10
 .data.__emutls_v.stbi__vertically_flip_on_load_set
                0x800125d0       0x10 out/main.o

.igot.plt       0x800125e0        0x0
 .igot.plt      0x800125e0        0x0 out/main.o

.data.r6_mem_desc
                0x800125e0       0x20
 .data.r6_mem_desc
                0x800125e0       0x20 out/sys.o
                0x800125e0                r6_mem_desc

.data.TFT_800x480
                0x80012600       0x14
 .data.TFT_800x480
                0x80012600       0x14 out/display.o
                0x80012600                TFT_800x480

.data._impure_ptr
                0x80012614        0x4
 .data._impure_ptr
                0x80012614        0x4 c:/tools/gcc-arm/bin/../lib/gcc/arm-none-eabi/10.3.1/../../../../arm-none-eabi/lib\libc_nano.a(lib_a-impure.o)
                0x80012614                _impure_ptr

.data.impure_data
                0x80012618       0x60
 .data.impure_data
                0x80012618       0x60 c:/tools/gcc-arm/bin/../lib/gcc/arm-none-eabi/10.3.1/../../../../arm-none-eabi/lib\libc_nano.a(lib_a-impure.o)

.data.__heap_limit
                0x80012678        0x4
 .data.__heap_limit
                0x80012678        0x4 c:/tools/gcc-arm/bin/../lib/gcc/arm-none-eabi/10.3.1/../../../../arm-none-eabi/lib\librdimon_nano.a(rdimon-syscalls.o)
                0x80012678                __heap_limit

.data.supports_ext_exit_extended
                0x8001267c        0x4
 .data.supports_ext_exit_extended
                0x8001267c        0x4 c:/tools/gcc-arm/bin/../lib/gcc/arm-none-eabi/10.3.1/../../../../arm-none-eabi/lib\librdimon_nano.a(rdimon-syscalls.o)

.data.supports_ext_stdout_stderr
                0x80012680        0x4
 .data.supports_ext_stdout_stderr
                0x80012680        0x4 c:/tools/gcc-arm/bin/../lib/gcc/arm-none-eabi/10.3.1/../../../../arm-none-eabi/lib\librdimon_nano.a(rdimon-syscalls.o)
                0x80012684                . = ALIGN (0x4)
                0x00012684                PROVIDE (image_size = (. - ORIGIN (ram)))

.bss            0x80014000     0x8580
                0x80014000                PROVIDE (bss_start = .)
 *(.bss)
 *(.bss.**)
 .bss.fb        0x80014000        0x4 out/main.o
                0x80014000                fb
 .bss.stbi__vertically_flip_on_load_global
                0x80014004        0x4 out/main.o
 .bss.card      0x80014008        0xc out/sd.o
                0x80014008                card
 .bss.usb_mux_state
                0x80014014        0x1 out/sys.o
                0x80014014                usb_mux_state
 *fill*         0x80014015        0x3 
 .bss.display   0x80014018        0x4 out/display.o
                0x80014018                display
 .bss.layer     0x8001401c       0x60 out/display.o
                0x8001401c                layer
 *fill*         0x8001407c     0x3f84 
 .bss._page_table
                0x80018000     0x4000 out/mmu.o
 .bss.drv       0x8001c000       0x60 out/diskio.o
                0x8001c000                drv
 .bss.DirBuf    0x8001c060      0x260 out/ff.o
 .bss.FatFs     0x8001c2c0        0x8 out/ff.o
 .bss.Fsid      0x8001c2c8        0x2 out/ff.o
 *fill*         0x8001c2ca        0x2 
 .bss.LfnBuf    0x8001c2cc      0x200 out/ff.o
 .bss.__lock___malloc_recursive_mutex
                0x8001c4cc        0x1 c:/tools/gcc-arm/bin/../lib/gcc/arm-none-eabi/10.3.1/../../../../arm-none-eabi/lib\libc_nano.a(lib_a-lock.o)
                0x8001c4cc                __lock___malloc_recursive_mutex
 .bss.__lock___sfp_recursive_mutex
                0x8001c4cd        0x1 c:/tools/gcc-arm/bin/../lib/gcc/arm-none-eabi/10.3.1/../../../../arm-none-eabi/lib\libc_nano.a(lib_a-lock.o)
                0x8001c4cd                __lock___sfp_recursive_mutex
 .bss.__lock___sinit_recursive_mutex
                0x8001c4ce        0x1 c:/tools/gcc-arm/bin/../lib/gcc/arm-none-eabi/10.3.1/../../../../arm-none-eabi/lib\libc_nano.a(lib_a-lock.o)
                0x8001c4ce                __lock___sinit_recursive_mutex
 *fill*         0x8001c4cf        0x1 
 .bss.__malloc_free_list
                0x8001c4d0        0x4 c:/tools/gcc-arm/bin/../lib/gcc/arm-none-eabi/10.3.1/../../../../arm-none-eabi/lib\libc_nano.a(lib_a-nano-mallocr.o)
                0x8001c4d0                __malloc_free_list
 .bss.__malloc_sbrk_start
                0x8001c4d4        0x4 c:/tools/gcc-arm/bin/../lib/gcc/arm-none-eabi/10.3.1/../../../../arm-none-eabi/lib\libc_nano.a(lib_a-nano-mallocr.o)
                0x8001c4d4                __malloc_sbrk_start
 .bss.errno     0x8001c4d8        0x4 c:/tools/gcc-arm/bin/../lib/gcc/arm-none-eabi/10.3.1/../../../../arm-none-eabi/lib\libc_nano.a(lib_a-reent.o)
                0x8001c4d8                errno
 .bss.heap_end.0
                0x8001c4dc        0x4 c:/tools/gcc-arm/bin/../lib/gcc/arm-none-eabi/10.3.1/../../../../arm-none-eabi/lib\librdimon_nano.a(rdimon-syscalls.o)
 .bss.openfiles
                0x8001c4e0       0xa0 c:/tools/gcc-arm/bin/../lib/gcc/arm-none-eabi/10.3.1/../../../../arm-none-eabi/lib\librdimon_nano.a(rdimon-syscalls.o)
 *(COMMON)
                0x8001c580                . = ALIGN (0x4)
                0x8001c580                PROVIDE (bss_end = .)
                0x8001c580                . = ALIGN (0x8)
                0x8001c580                end = .
OUTPUT(out/slideshow.elf elf32-littlearm)
LOAD linker stubs

.ARM.attributes
                0x00000000       0x28
 .ARM.attributes
                0x00000000       0x1c c:/tools/gcc-arm/bin/../lib/gcc/arm-none-eabi/10.3.1/crti.o
 .ARM.attributes
                0x0000001c       0x2c out/main.o
 .ARM.attributes
                0x00000048       0x2c out/sd.o
 .ARM.attributes
                0x00000074       0x2c out/sys.o
 .ARM.attributes
                0x000000a0       0x2c out/spi.o
 .ARM.attributes
                0x000000cc       0x2c out/display.o
 .ARM.attributes
                0x000000f8       0x2c out/mmu.o
 .ARM.attributes
                0x00000124       0x2c out/diskio.o
 .ARM.attributes
                0x00000150       0x2c out/ffunicode.o
 .ARM.attributes
                0x0000017c       0x2c out/ff.o
 .ARM.attributes
                0x000001a8       0x1c c:/tools/gcc-arm/bin/../lib/gcc/arm-none-eabi/10.3.1\libgcc.a(_udivsi3.o)
 .ARM.attributes
                0x000001c4       0x1c c:/tools/gcc-arm/bin/../lib/gcc/arm-none-eabi/10.3.1\libgcc.a(_divsi3.o)
 .ARM.attributes
                0x000001e0       0x1c c:/tools/gcc-arm/bin/../lib/gcc/arm-none-eabi/10.3.1\libgcc.a(_dvmd_tls.o)
 .ARM.attributes
                0x000001fc       0x2a c:/tools/gcc-arm/bin/../lib/gcc/arm-none-eabi/10.3.1\libgcc.a(emutls.o)
 .ARM.attributes
                0x00000226       0x2a c:/tools/gcc-arm/bin/../lib/gcc/arm-none-eabi/10.3.1/../../../../arm-none-eabi/lib\libc_nano.a(lib_a-abort.o)
 .ARM.attributes
                0x00000250       0x2a c:/tools/gcc-arm/bin/../lib/gcc/arm-none-eabi/10.3.1/../../../../arm-none-eabi/lib\libc_nano.a(lib_a-assert.o)
 .ARM.attributes
                0x0000027a       0x2a c:/tools/gcc-arm/bin/../lib/gcc/arm-none-eabi/10.3.1/../../../../arm-none-eabi/lib\libc_nano.a(lib_a-errno.o)
 .ARM.attributes
                0x000002a4       0x2a c:/tools/gcc-arm/bin/../lib/gcc/arm-none-eabi/10.3.1/../../../../arm-none-eabi/lib\libc_nano.a(lib_a-fflush.o)
 .ARM.attributes
                0x000002ce       0x2a c:/tools/gcc-arm/bin/../lib/gcc/arm-none-eabi/10.3.1/../../../../arm-none-eabi/lib\libc_nano.a(lib_a-findfp.o)
 .ARM.attributes
                0x000002f8       0x2a c:/tools/gcc-arm/bin/../lib/gcc/arm-none-eabi/10.3.1/../../../../arm-none-eabi/lib\libc_nano.a(lib_a-fprintf.o)
 .ARM.attributes
                0x00000322       0x2a c:/tools/gcc-arm/bin/../lib/gcc/arm-none-eabi/10.3.1/../../../../arm-none-eabi/lib\libc_nano.a(lib_a-fwalk.o)
 .ARM.attributes
                0x0000034c       0x2a c:/tools/gcc-arm/bin/../lib/gcc/arm-none-eabi/10.3.1/../../../../arm-none-eabi/lib\libc_nano.a(lib_a-impure.o)
 .ARM.attributes
                0x00000376       0x2a c:/tools/gcc-arm/bin/../lib/gcc/arm-none-eabi/10.3.1/../../../../arm-none-eabi/lib\libc_nano.a(lib_a-lock.o)
 .ARM.attributes
                0x000003a0       0x2a c:/tools/gcc-arm/bin/../lib/gcc/arm-none-eabi/10.3.1/../../../../arm-none-eabi/lib\libc_nano.a(lib_a-makebuf.o)
 .ARM.attributes
                0x000003ca       0x2a c:/tools/gcc-arm/bin/../lib/gcc/arm-none-eabi/10.3.1/../../../../arm-none-eabi/lib\libc_nano.a(lib_a-malign.o)
 .ARM.attributes
                0x000003f4       0x2a c:/tools/gcc-arm/bin/../lib/gcc/arm-none-eabi/10.3.1/../../../../arm-none-eabi/lib\libc_nano.a(lib_a-malloc.o)
 .ARM.attributes
                0x0000041e       0x2a c:/tools/gcc-arm/bin/../lib/gcc/arm-none-eabi/10.3.1/../../../../arm-none-eabi/lib\libc_nano.a(lib_a-memcmp.o)
 .ARM.attributes
                0x00000448       0x2a c:/tools/gcc-arm/bin/../lib/gcc/arm-none-eabi/10.3.1/../../../../arm-none-eabi/lib\libc_nano.a(lib_a-memcpy-stub.o)
 .ARM.attributes
                0x00000472       0x2a c:/tools/gcc-arm/bin/../lib/gcc/arm-none-eabi/10.3.1/../../../../arm-none-eabi/lib\libc_nano.a(lib_a-memset.o)
 .ARM.attributes
                0x0000049c       0x2a c:/tools/gcc-arm/bin/../lib/gcc/arm-none-eabi/10.3.1/../../../../arm-none-eabi/lib\libc_nano.a(lib_a-nano-freer.o)
 .ARM.attributes
                0x000004c6       0x2a c:/tools/gcc-arm/bin/../lib/gcc/arm-none-eabi/10.3.1/../../../../arm-none-eabi/lib\libc_nano.a(lib_a-nano-malignr.o)
 .ARM.attributes
                0x000004f0       0x2a c:/tools/gcc-arm/bin/../lib/gcc/arm-none-eabi/10.3.1/../../../../arm-none-eabi/lib\libc_nano.a(lib_a-nano-mallocr.o)
 .ARM.attributes
                0x0000051a       0x2a c:/tools/gcc-arm/bin/../lib/gcc/arm-none-eabi/10.3.1/../../../../arm-none-eabi/lib\libc_nano.a(lib_a-nano-vfprintf.o)
 .ARM.attributes
                0x00000544       0x2a c:/tools/gcc-arm/bin/../lib/gcc/arm-none-eabi/10.3.1/../../../../arm-none-eabi/lib\libc_nano.a(lib_a-nano-vfprintf_i.o)
 .ARM.attributes
                0x0000056e       0x2a c:/tools/gcc-arm/bin/../lib/gcc/arm-none-eabi/10.3.1/../../../../arm-none-eabi/lib\libc_nano.a(lib_a-printf.o)
 .ARM.attributes
                0x00000598       0x2a c:/tools/gcc-arm/bin/../lib/gcc/arm-none-eabi/10.3.1/../../../../arm-none-eabi/lib\libc_nano.a(lib_a-puts.o)
 .ARM.attributes
                0x000005c2       0x2a c:/tools/gcc-arm/bin/../lib/gcc/arm-none-eabi/10.3.1/../../../../arm-none-eabi/lib\libc_nano.a(lib_a-reent.o)
 .ARM.attributes
                0x000005ec       0x2a c:/tools/gcc-arm/bin/../lib/gcc/arm-none-eabi/10.3.1/../../../../arm-none-eabi/lib\libc_nano.a(lib_a-sbrkr.o)
 .ARM.attributes
                0x00000616       0x2a c:/tools/gcc-arm/bin/../lib/gcc/arm-none-eabi/10.3.1/../../../../arm-none-eabi/lib\libc_nano.a(lib_a-setbuf.o)
 .ARM.attributes
                0x00000640       0x2a c:/tools/gcc-arm/bin/../lib/gcc/arm-none-eabi/10.3.1/../../../../arm-none-eabi/lib\libc_nano.a(lib_a-setvbuf.o)
 .ARM.attributes
                0x0000066a       0x2a c:/tools/gcc-arm/bin/../lib/gcc/arm-none-eabi/10.3.1/../../../../arm-none-eabi/lib\libc_nano.a(lib_a-signal.o)
 .ARM.attributes
                0x00000694       0x2a c:/tools/gcc-arm/bin/../lib/gcc/arm-none-eabi/10.3.1/../../../../arm-none-eabi/lib\libc_nano.a(lib_a-signalr.o)
 .ARM.attributes
                0x000006be       0x2a c:/tools/gcc-arm/bin/../lib/gcc/arm-none-eabi/10.3.1/../../../../arm-none-eabi/lib\libc_nano.a(lib_a-sprintf.o)
 .ARM.attributes
                0x000006e8       0x2a c:/tools/gcc-arm/bin/../lib/gcc/arm-none-eabi/10.3.1/../../../../arm-none-eabi/lib\libc_nano.a(lib_a-stdio.o)
 .ARM.attributes
                0x00000712       0x2a c:/tools/gcc-arm/bin/../lib/gcc/arm-none-eabi/10.3.1/../../../../arm-none-eabi/lib\libc_nano.a(lib_a-strchr.o)
 .ARM.attributes
                0x0000073c       0x2a c:/tools/gcc-arm/bin/../lib/gcc/arm-none-eabi/10.3.1/../../../../arm-none-eabi/lib\libc_nano.a(lib_a-wbuf.o)
 .ARM.attributes
                0x00000766       0x2a c:/tools/gcc-arm/bin/../lib/gcc/arm-none-eabi/10.3.1/../../../../arm-none-eabi/lib\libc_nano.a(lib_a-writer.o)
 .ARM.attributes
                0x00000790       0x2a c:/tools/gcc-arm/bin/../lib/gcc/arm-none-eabi/10.3.1/../../../../arm-none-eabi/lib\libc_nano.a(lib_a-wsetup.o)
 .ARM.attributes
                0x000007ba       0x2a c:/tools/gcc-arm/bin/../lib/gcc/arm-none-eabi/10.3.1/../../../../arm-none-eabi/lib\libc_nano.a(lib_a-closer.o)
 .ARM.attributes
                0x000007e4       0x2a c:/tools/gcc-arm/bin/../lib/gcc/arm-none-eabi/10.3.1/../../../../arm-none-eabi/lib\libc_nano.a(lib_a-fstatr.o)
 .ARM.attributes
                0x0000080e       0x2a c:/tools/gcc-arm/bin/../lib/gcc/arm-none-eabi/10.3.1/../../../../arm-none-eabi/lib\libc_nano.a(lib_a-isattyr.o)
 .ARM.attributes
                0x00000838       0x2a c:/tools/gcc-arm/bin/../lib/gcc/arm-none-eabi/10.3.1/../../../../arm-none-eabi/lib\libc_nano.a(lib_a-lseekr.o)
 .ARM.attributes
                0x00000862       0x2a c:/tools/gcc-arm/bin/../lib/gcc/arm-none-eabi/10.3.1/../../../../arm-none-eabi/lib\libc_nano.a(lib_a-memchr-stub.o)
 .ARM.attributes
                0x0000088c       0x2a c:/tools/gcc-arm/bin/../lib/gcc/arm-none-eabi/10.3.1/../../../../arm-none-eabi/lib\libc_nano.a(lib_a-memmove.o)
 .ARM.attributes
                0x000008b6       0x2a c:/tools/gcc-arm/bin/../lib/gcc/arm-none-eabi/10.3.1/../../../../arm-none-eabi/lib\libc_nano.a(lib_a-mlock.o)
 .ARM.attributes
                0x000008e0       0x2a c:/tools/gcc-arm/bin/../lib/gcc/arm-none-eabi/10.3.1/../../../../arm-none-eabi/lib\libc_nano.a(lib_a-nano-reallocr.o)
 .ARM.attributes
                0x0000090a       0x2a c:/tools/gcc-arm/bin/../lib/gcc/arm-none-eabi/10.3.1/../../../../arm-none-eabi/lib\libc_nano.a(lib_a-nano-svfprintf.o)
 .ARM.attributes
                0x00000934       0x2a c:/tools/gcc-arm/bin/../lib/gcc/arm-none-eabi/10.3.1/../../../../arm-none-eabi/lib\libc_nano.a(lib_a-readr.o)
 .ARM.attributes
                0x0000095e       0x2a c:/tools/gcc-arm/bin/../lib/gcc/arm-none-eabi/10.3.1/../../../../arm-none-eabi/lib\libc_nano.a(lib_a-nano-msizer.o)
 .ARM.attributes
                0x00000988       0x2a c:/tools/gcc-arm/bin/../lib/gcc/arm-none-eabi/10.3.1/../../../../arm-none-eabi/lib\librdimon_nano.a(rdimon-syscalls.o)
 .ARM.attributes
                0x000009b2       0x2a c:/tools/gcc-arm/bin/../lib/gcc/arm-none-eabi/10.3.1/../../../../arm-none-eabi/lib\librdimon_nano.a(rdimon-_exit.o)
 .ARM.attributes
                0x000009dc       0x2a c:/tools/gcc-arm/bin/../lib/gcc/arm-none-eabi/10.3.1/../../../../arm-none-eabi/lib\librdimon_nano.a(rdimon-_kill.o)
 .ARM.attributes
                0x00000a06       0x1c c:/tools/gcc-arm/bin/../lib/gcc/arm-none-eabi/10.3.1/../../../../arm-none-eabi/lib\libc_nano.a(lib_a-strlen.o)

.comment        0x00000000       0x49
 .comment       0x00000000       0x49 out/main.o
                                 0x4a (size before relaxing)
 .comment       0x00000049       0x4a out/sd.o
 .comment       0x00000049       0x4a out/sys.o
 .comment       0x00000049       0x4a out/spi.o
 .comment       0x00000049       0x4a out/display.o
 .comment       0x00000049       0x4a out/mmu.o
 .comment       0x00000049       0x4a out/diskio.o
 .comment       0x00000049       0x4a out/ffunicode.o
 .comment       0x00000049       0x4a out/ff.o

.debug_frame    0x00000000     0x14a4
 .debug_frame   0x00000000       0x20 c:/tools/gcc-arm/bin/../lib/gcc/arm-none-eabi/10.3.1\libgcc.a(_udivsi3.o)
 .debug_frame   0x00000020       0x20 c:/tools/gcc-arm/bin/../lib/gcc/arm-none-eabi/10.3.1\libgcc.a(_divsi3.o)
 .debug_frame   0x00000040       0x88 c:/tools/gcc-arm/bin/../lib/gcc/arm-none-eabi/10.3.1\libgcc.a(emutls.o)
 .debug_frame   0x000000c8       0x28 c:/tools/gcc-arm/bin/../lib/gcc/arm-none-eabi/10.3.1/../../../../arm-none-eabi/lib\libc_nano.a(lib_a-abort.o)
 .debug_frame   0x000000f0       0x40 c:/tools/gcc-arm/bin/../lib/gcc/arm-none-eabi/10.3.1/../../../../arm-none-eabi/lib\libc_nano.a(lib_a-assert.o)
 .debug_frame   0x00000130       0x20 c:/tools/gcc-arm/bin/../lib/gcc/arm-none-eabi/10.3.1/../../../../arm-none-eabi/lib\libc_nano.a(lib_a-errno.o)
 .debug_frame   0x00000150       0x80 c:/tools/gcc-arm/bin/../lib/gcc/arm-none-eabi/10.3.1/../../../../arm-none-eabi/lib\libc_nano.a(lib_a-fflush.o)
 .debug_frame   0x000001d0      0x1a8 c:/tools/gcc-arm/bin/../lib/gcc/arm-none-eabi/10.3.1/../../../../arm-none-eabi/lib\libc_nano.a(lib_a-findfp.o)
 .debug_frame   0x00000378       0x64 c:/tools/gcc-arm/bin/../lib/gcc/arm-none-eabi/10.3.1/../../../../arm-none-eabi/lib\libc_nano.a(lib_a-fprintf.o)
 .debug_frame   0x000003dc       0x70 c:/tools/gcc-arm/bin/../lib/gcc/arm-none-eabi/10.3.1/../../../../arm-none-eabi/lib\libc_nano.a(lib_a-fwalk.o)
 .debug_frame   0x0000044c       0xb0 c:/tools/gcc-arm/bin/../lib/gcc/arm-none-eabi/10.3.1/../../../../arm-none-eabi/lib\libc_nano.a(lib_a-lock.o)
 .debug_frame   0x000004fc       0x64 c:/tools/gcc-arm/bin/../lib/gcc/arm-none-eabi/10.3.1/../../../../arm-none-eabi/lib\libc_nano.a(lib_a-makebuf.o)
 .debug_frame   0x00000560       0x2c c:/tools/gcc-arm/bin/../lib/gcc/arm-none-eabi/10.3.1/../../../../arm-none-eabi/lib\libc_nano.a(lib_a-malign.o)
 .debug_frame   0x0000058c       0x48 c:/tools/gcc-arm/bin/../lib/gcc/arm-none-eabi/10.3.1/../../../../arm-none-eabi/lib\libc_nano.a(lib_a-malloc.o)
 .debug_frame   0x000005d4       0x20 c:/tools/gcc-arm/bin/../lib/gcc/arm-none-eabi/10.3.1/../../../../arm-none-eabi/lib\libc_nano.a(lib_a-memcmp.o)
 .debug_frame   0x000005f4       0x20 c:/tools/gcc-arm/bin/../lib/gcc/arm-none-eabi/10.3.1/../../../../arm-none-eabi/lib\libc_nano.a(lib_a-memcpy-stub.o)
 .debug_frame   0x00000614       0x20 c:/tools/gcc-arm/bin/../lib/gcc/arm-none-eabi/10.3.1/../../../../arm-none-eabi/lib\libc_nano.a(lib_a-memset.o)
 .debug_frame   0x00000634       0x38 c:/tools/gcc-arm/bin/../lib/gcc/arm-none-eabi/10.3.1/../../../../arm-none-eabi/lib\libc_nano.a(lib_a-nano-freer.o)
 .debug_frame   0x0000066c       0x3c c:/tools/gcc-arm/bin/../lib/gcc/arm-none-eabi/10.3.1/../../../../arm-none-eabi/lib\libc_nano.a(lib_a-nano-malignr.o)
 .debug_frame   0x000006a8       0x60 c:/tools/gcc-arm/bin/../lib/gcc/arm-none-eabi/10.3.1/../../../../arm-none-eabi/lib\libc_nano.a(lib_a-nano-mallocr.o)
 .debug_frame   0x00000708       0xc8 c:/tools/gcc-arm/bin/../lib/gcc/arm-none-eabi/10.3.1/../../../../arm-none-eabi/lib\libc_nano.a(lib_a-nano-vfprintf.o)
 .debug_frame   0x000007d0       0x80 c:/tools/gcc-arm/bin/../lib/gcc/arm-none-eabi/10.3.1/../../../../arm-none-eabi/lib\libc_nano.a(lib_a-nano-vfprintf_i.o)
 .debug_frame   0x00000850       0x74 c:/tools/gcc-arm/bin/../lib/gcc/arm-none-eabi/10.3.1/../../../../arm-none-eabi/lib\libc_nano.a(lib_a-printf.o)
 .debug_frame   0x000008c4       0x48 c:/tools/gcc-arm/bin/../lib/gcc/arm-none-eabi/10.3.1/../../../../arm-none-eabi/lib\libc_nano.a(lib_a-puts.o)
 .debug_frame   0x0000090c       0x64 c:/tools/gcc-arm/bin/../lib/gcc/arm-none-eabi/10.3.1/../../../../arm-none-eabi/lib\libc_nano.a(lib_a-reent.o)
 .debug_frame   0x00000970       0x34 c:/tools/gcc-arm/bin/../lib/gcc/arm-none-eabi/10.3.1/../../../../arm-none-eabi/lib\libc_nano.a(lib_a-sbrkr.o)
 .debug_frame   0x000009a4       0x2c c:/tools/gcc-arm/bin/../lib/gcc/arm-none-eabi/10.3.1/../../../../arm-none-eabi/lib\libc_nano.a(lib_a-setbuf.o)
 .debug_frame   0x000009d0       0x44 c:/tools/gcc-arm/bin/../lib/gcc/arm-none-eabi/10.3.1/../../../../arm-none-eabi/lib\libc_nano.a(lib_a-setvbuf.o)
 .debug_frame   0x00000a14       0xec c:/tools/gcc-arm/bin/../lib/gcc/arm-none-eabi/10.3.1/../../../../arm-none-eabi/lib\libc_nano.a(lib_a-signal.o)
 .debug_frame   0x00000b00       0x50 c:/tools/gcc-arm/bin/../lib/gcc/arm-none-eabi/10.3.1/../../../../arm-none-eabi/lib\libc_nano.a(lib_a-signalr.o)
 .debug_frame   0x00000b50       0x6c c:/tools/gcc-arm/bin/../lib/gcc/arm-none-eabi/10.3.1/../../../../arm-none-eabi/lib\libc_nano.a(lib_a-sprintf.o)
 .debug_frame   0x00000bbc       0x9c c:/tools/gcc-arm/bin/../lib/gcc/arm-none-eabi/10.3.1/../../../../arm-none-eabi/lib\libc_nano.a(lib_a-stdio.o)
 .debug_frame   0x00000c58       0x20 c:/tools/gcc-arm/bin/../lib/gcc/arm-none-eabi/10.3.1/../../../../arm-none-eabi/lib\libc_nano.a(lib_a-strchr.o)
 .debug_frame   0x00000c78       0x4c c:/tools/gcc-arm/bin/../lib/gcc/arm-none-eabi/10.3.1/../../../../arm-none-eabi/lib\libc_nano.a(lib_a-wbuf.o)
 .debug_frame   0x00000cc4       0x34 c:/tools/gcc-arm/bin/../lib/gcc/arm-none-eabi/10.3.1/../../../../arm-none-eabi/lib\libc_nano.a(lib_a-writer.o)
 .debug_frame   0x00000cf8       0x38 c:/tools/gcc-arm/bin/../lib/gcc/arm-none-eabi/10.3.1/../../../../arm-none-eabi/lib\libc_nano.a(lib_a-wsetup.o)
 .debug_frame   0x00000d30       0x34 c:/tools/gcc-arm/bin/../lib/gcc/arm-none-eabi/10.3.1/../../../../arm-none-eabi/lib\libc_nano.a(lib_a-closer.o)
 .debug_frame   0x00000d64       0x34 c:/tools/gcc-arm/bin/../lib/gcc/arm-none-eabi/10.3.1/../../../../arm-none-eabi/lib\libc_nano.a(lib_a-fstatr.o)
 .debug_frame   0x00000d98       0x34 c:/tools/gcc-arm/bin/../lib/gcc/arm-none-eabi/10.3.1/../../../../arm-none-eabi/lib\libc_nano.a(lib_a-isattyr.o)
 .debug_frame   0x00000dcc       0x34 c:/tools/gcc-arm/bin/../lib/gcc/arm-none-eabi/10.3.1/../../../../arm-none-eabi/lib\libc_nano.a(lib_a-lseekr.o)
 .debug_frame   0x00000e00       0x20 c:/tools/gcc-arm/bin/../lib/gcc/arm-none-eabi/10.3.1/../../../../arm-none-eabi/lib\libc_nano.a(lib_a-memchr-stub.o)
 .debug_frame   0x00000e20       0x20 c:/tools/gcc-arm/bin/../lib/gcc/arm-none-eabi/10.3.1/../../../../arm-none-eabi/lib\libc_nano.a(lib_a-memmove.o)
 .debug_frame   0x00000e40       0x48 c:/tools/gcc-arm/bin/../lib/gcc/arm-none-eabi/10.3.1/../../../../arm-none-eabi/lib\libc_nano.a(lib_a-mlock.o)
 .debug_frame   0x00000e88       0x3c c:/tools/gcc-arm/bin/../lib/gcc/arm-none-eabi/10.3.1/../../../../arm-none-eabi/lib\libc_nano.a(lib_a-nano-reallocr.o)
 .debug_frame   0x00000ec4       0xbc c:/tools/gcc-arm/bin/../lib/gcc/arm-none-eabi/10.3.1/../../../../arm-none-eabi/lib\libc_nano.a(lib_a-nano-svfprintf.o)
 .debug_frame   0x00000f80       0x34 c:/tools/gcc-arm/bin/../lib/gcc/arm-none-eabi/10.3.1/../../../../arm-none-eabi/lib\libc_nano.a(lib_a-readr.o)
 .debug_frame   0x00000fb4       0x20 c:/tools/gcc-arm/bin/../lib/gcc/arm-none-eabi/10.3.1/../../../../arm-none-eabi/lib\libc_nano.a(lib_a-nano-msizer.o)
 .debug_frame   0x00000fd4      0x468 c:/tools/gcc-arm/bin/../lib/gcc/arm-none-eabi/10.3.1/../../../../arm-none-eabi/lib\librdimon_nano.a(rdimon-syscalls.o)
 .debug_frame   0x0000143c       0x28 c:/tools/gcc-arm/bin/../lib/gcc/arm-none-eabi/10.3.1/../../../../arm-none-eabi/lib\librdimon_nano.a(rdimon-_exit.o)
 .debug_frame   0x00001464       0x40 c:/tools/gcc-arm/bin/../lib/gcc/arm-none-eabi/10.3.1/../../../../arm-none-eabi/lib\librdimon_nano.a(rdimon-_kill.o)
